ets Jul 29 2019 12:21:46

rst:0x1 (POWERON_RESET),boot:0x13 (SPI_FAST_FLASH_BOOT)
configsip: 0, SPIWP:0xee
clk_drv:0x00,q_drv:0x00,d_drv:0x00,cs0_drv:0x00,hd_drv:0x00,wp_drv:0x00
mode:DIO, clock div:2
load:0x3fff0030,len:7172
load:0x40078000,len:15540
load:0x40080400,len:4
ho 8 tail 4 room 4
load:0x40080404,len:3904
entry 0x40080640
[0;32mI (31) boot: ESP-IDF v5.2.3-dirty 2nd stage bootloader[0m
[0;32mI (31) boot: compile time Nov 12 2024 18:48:19[0m
[0;32mI (31) boot: Multicore bootloader[0m
[0;32mI (36) boot: chip revision: v3.1[0m
[0;32mI (40) boot.esp32: SPI Speed      : 40MHz[0m
[0;32mI (44) boot.esp32: SPI Mode       : DIO[0m
[0;32mI (49) boot.esp32: SPI Flash Size : 2MB[0m
[0;32mI (53) boot: Enabling RNG early entropy source...[0m
[0;32mI (59) boot: Partition Table:[0m
[0;32mI (62) boot: ## Label            Usage          Type ST Offset   Length[0m
[0;32mI (70) boot:  0 nvs              WiFi data        01 02 00009000 00006000[0m
[0;32mI (77) boot:  1 phy_init         RF data          01 01 0000f000 00001000[0m
[0;32mI (85) boot:  2 factory          factory app      00 00 00010000 00100000[0m
[0;32mI (92) boot: End of partition table[0m
[0;32mI (96) esp_image: segment 0: paddr=00010020 vaddr=3f400020 size=31acch (203468) map[0m
[0;32mI (174) esp_image: segment 1: paddr=00041af4 vaddr=3ffb0000 size=03d0ch ( 15628) load[0m
[0;32mI (180) esp_image: segment 2: paddr=00045808 vaddr=40080000 size=0a810h ( 43024) load[0m
[0;32mI (198) esp_image: segment 3: paddr=00050020 vaddr=400d0020 size=95574h (611700) map[0m
[0;32mI (407) esp_image: segment 4: paddr=000e559c vaddr=4008a810 size=0c338h ( 49976) load[0m
[0;32mI (439) boot: Loaded app from partition at offset 0x10000[0m
[0;32mI (439) boot: Disabling RNG early entropy source...[0m
[0;32mI (450) cpu_start: Multicore app[0m
[0;32mI (459) cpu_start: Pro cpu start user code[0m
[0;32mI (459) cpu_start: cpu freq: 160000000 Hz[0m
[0;32mI (460) cpu_start: Application information:[0m
[0;32mI (462) cpu_start: Project name:     main[0m
[0;32mI (467) cpu_start: App version:      32e8b60-dirty[0m
[0;32mI (473) cpu_start: Compile time:     Nov 12 2024 18:53:36[0m
[0;32mI (479) cpu_start: ELF file SHA256:  f2f5f1fb7...[0m
[0;32mI (484) cpu_start: ESP-IDF:          v5.2.3-dirty[0m
[0;32mI (489) cpu_start: Min chip rev:     v0.0[0m
[0;32mI (494) cpu_start: Max chip rev:     v3.99 [0m
[0;32mI (499) cpu_start: Chip rev:         v3.1[0m
[0;32mI (504) heap_init: Initializing. RAM available for dynamic allocation:[0m
[0;32mI (511) heap_init: At 3FFAE6E0 len 00001920 (6 KiB): DRAM[0m
[0;32mI (517) heap_init: At 3FFB8110 len 00027EF0 (159 KiB): DRAM[0m
[0;32mI (523) heap_init: At 3FFE0440 len 00003AE0 (14 KiB): D/IRAM[0m
[0;32mI (530) heap_init: At 3FFE4350 len 0001BCB0 (111 KiB): D/IRAM[0m
[0;32mI (536) heap_init: At 40096B48 len 000094B8 (37 KiB): IRAM[0m
[0;32mI (544) spi_flash: detected chip: generic[0m
[0;32mI (547) spi_flash: flash io: dio[0m
[0;33mW (551) spi_flash: Detected size(4096k) larger than the size in the binary image header(2048k). Using the size in the binary image header.[0m
[0;32mI (565) main_task: Started on CPU0[0m
[0;32mI (575) main_task: Calling app_main()[0m
[0;32mI (595) wifi:wifi driver task: 3ffc00f0, prio:23, stack:6656, core=0[0m
[0;32mI (595) wifi:wifi firmware version: 82f54d2[0m
[0;32mI (595) wifi:wifi certification version: v7.0[0m
[0;32mI (595) wifi:config NVS flash: enabled[0m
[0;32mI (595) wifi:config nano formating: disabled[0m
[0;32mI (605) wifi:Init data frame dynamic rx buffer num: 32[0m
[0;32mI (605) wifi:Init static rx mgmt buffer num: 5[0m
[0;32mI (615) wifi:Init management short buffer num: 32[0m
[0;32mI (615) wifi:Init dynamic tx buffer num: 32[0m
[0;32mI (615) wifi:Init static rx buffer size: 1600[0m
[0;32mI (625) wifi:Init static rx buffer num: 10[0m
[0;32mI (625) wifi:Init dynamic rx buffer num: 32[0m
[0;32mI (635) wifi_init: rx ba win: 6[0m
[0;32mI (635) wifi_init: tcpip mbox: 32[0m
[0;32mI (635) wifi_init: udp mbox: 6[0m
[0;32mI (645) wifi_init: tcp mbox: 6[0m
[0;32mI (645) wifi_init: tcp tx win: 5760[0m
[0;32mI (645) wifi_init: tcp rx win: 5760[0m
[0;32mI (655) wifi_init: tcp mss: 1440[0m
[0;32mI (655) wifi_init: WiFi IRAM OP enabled[0m
[0;32mI (665) wifi_init: WiFi RX IRAM OP enabled[0m
[0;32mI (665) example: Setting WiFi configuration SSID eduroam...[0m
[0;32mI (675) phy_init: phy_version 4840,a40f0ac,Aug 16 2024,16:48:06[0m
[0;33mW (765) phy_init: saving new calibration data because of checksum failure, mode(0)[0m
[0;32mI (785) wifi:mode : sta (34:5f:45:a8:9c:68)[0m
[0;32mI (785) wifi:enable tsf[0m
[0;32mI (785) main_task: Returned from app_main()[0m
[0;32mI (1095) wifi:new:<1,0>, old:<1,0>, ap:<255,255>, sta:<1,0>, prof:1[0m
[0;32mI (1095) wifi:state: init -> auth (b0)[0m
[0;32mI (2095) wifi:state: auth -> init (200)[0m
[0;32mI (2095) wifi:new:<1,0>, old:<1,0>, ap:<255,255>, sta:<1,0>, prof:1[0m
[0;32mI (2105) wifi:new:<1,0>, old:<1,0>, ap:<255,255>, sta:<1,0>, prof:1[0m
[0;32mI (2105) wifi:state: init -> auth (b0)[0m
[0;32mI (3105) wifi:state: auth -> init (200)[0m
[0;32mI (3105) wifi:new:<1,0>, old:<1,0>, ap:<255,255>, sta:<1,0>, prof:1[0m
[0;32mI (3135) wifi:new:<1,0>, old:<1,0>, ap:<255,255>, sta:<1,0>, prof:1[0m
[0;32mI (3135) wifi:state: init -> auth (b0)[0m
[0;32mI (4135) wifi:state: auth -> init (200)[0m
[0;32mI (4135) wifi:new:<1,0>, old:<1,0>, ap:<255,255>, sta:<1,0>, prof:1[0m
[0;32mI (4755) wifi:new:<6,0>, old:<1,0>, ap:<255,255>, sta:<6,0>, prof:1[0m
[0;32mI (4755) wifi:state: init -> auth (b0)[0m
[0;32mI (5765) wifi:state: auth -> init (200)[0m
[0;32mI (5765) wifi:new:<6,0>, old:<6,0>, ap:<255,255>, sta:<6,0>, prof:1[0m
[0;32mI (5795) wifi:new:<6,0>, old:<6,0>, ap:<255,255>, sta:<6,0>, prof:1[0m
[0;32mI (5795) wifi:state: init -> auth (b0)[0m
[0;32mI (6795) wifi:state: auth -> init (200)[0m
[0;32mI (6795) wifi:new:<6,0>, old:<6,0>, ap:<255,255>, sta:<6,0>, prof:1[0m
[0;32mI (6975) wifi:new:<1,0>, old:<6,0>, ap:<255,255>, sta:<1,0>, prof:1[0m
[0;32mI (6975) wifi:state: init -> auth (b0)[0m
[0;32mI (7975) wifi:state: auth -> init (200)[0m
[0;32mI (7975) wifi:new:<1,0>, old:<1,0>, ap:<255,255>, sta:<1,0>, prof:1[0m
[0;32mI (9205) wifi:new:<11,0>, old:<1,0>, ap:<255,255>, sta:<11,0>, prof:1[0m
[0;32mI (9205) wifi:state: init -> auth (b0)[0m
[0;32mI (9205) wifi:state: auth -> assoc (0)[0m
[0;32mI (9215) wifi:state: assoc -> run (10)[0m
[0;31mE (9265) esp-x509-crt-bundle: Failed to verify certificate[0m
ï¿½ï¿½ï¿½ï¿½ï¿½ï¿½ï¿½ï¿½ï¿½ï¿½ï¿½ï¿½ï¿½ï¿½ï¿½ï¿½ï¿½ï¿½ï¿½ï¿½ï¿½ï¿½ï¿½ï¿½ï¿½ï¿½ï¿½ï¿½ï¿½ï¿½ï¿½ï¿½ï¿½ï¿½ï¿½ï¿½ï¿½ï¿½ï¿½ï¿½ï¿½ï¿½ï¿½ï¿½ï¿½ï¿½ï¿½ï¿½ï¿½ï¿½ï¿½ï¿½ï¿½ï¿½ï¿½ï¿½ï¿½ï¿½ï¿½ï¿½ï¿½ï¿½ï¿½ï¿½t (1c0)
[0;32mI (29225) wifi:new:<11,0>, old:<11,0>, ap:<255,255>, sta:<11,0>, prof:1[0m
[0;32mI (29415) wifi:new:<1,0>, old:<11,0>, ap:<255,255>, sta:<1,0>, prof:1[0m
[0;32mI (29425) wifi:state: init -> auth (b0)[0m
[0;32mI (29425) wifi:state: auth -> assoc (0)[0m
ï¿½ï¿½ï¿½ï¿½ï¿½ï¿½ï¿½ï¿½ï¿½ï¿½ï¿½ï¿½ï¿½ï¿½ï¿½ï¿½ï¿½ï¿½ï¿½ï¿½ï¿½ï¿½ï¿½ï¿½ï¿½ï¿½ï¿½ï¿½ï¿½ï¿½ï¿½ï¿½ï¿½ï¿½ï¿½ï¿½ï¿½ï¿½ï¿½ï¿½ï¿½ï¿½ï¿½ï¿½ï¿½ï¿½ï¿½ï¿½ï¿½ï¿½ï¿½ï¿½ï¿½ï¿½ï¿½ï¿½ï¿½ï¿½ï¿½ï¿½ï¿½ï¿½ï¿½ï¿½nit (2700)
[0;32mI (30435) wifi:new:<1,0>, old:<1,0>, ap:<255,255>, sta:<1,0>, prof:1[0m
ï¿½ï¿½ï¿½ï¿½ï¿½ï¿½ï¿½ï¿½ï¿½ï¿½ï¿½ï¿½ï¿½ï¿½ï¿½ï¿½ï¿½ï¿½ï¿½ï¿½ï¿½ï¿½ï¿½ï¿½ï¿½ï¿½ï¿½ï¿½ï¿½ï¿½ï¿½ï¿½ï¿½ï¿½ï¿½ï¿½ï¿½ï¿½ï¿½ï¿½ï¿½ï¿½ï¿½ï¿½ï¿½ï¿½ï¿½ï¿½ï¿½ï¿½ï¿½ï¿½ï¿½ï¿½ï¿½ï¿½ï¿½ï¿½ï¿½ï¿½ï¿½ï¿½ï¿½ï¿½,0>, ap:<255,255>, sta:<1,0>, prof:1
[0;32mI (32855) wifi:state: init -> auth (b0)[0m
[0;32mI (32905) wifi:state: auth -> assoc (0)[0m
[0;32mI (33915) wifi:state: assoc -> init (2700)[0m
[0;32mI (33915) wifi:new:<1,0>, old:<1,0>, ap:<255,255>, sta:<1,0>, prof:1[0m
[0;32mI (34015) wifi:new:<1,0>, old:<1,0>, ap:<255,255>, sta:<1,0>, prof:1[0m
[0;32mI (34015) wifi:state: init -> auth (b0)[0m
[0;32mI (35015) wifi:state: auth -> init (200)[0m
[0;32mI (35025) wifi:new:<1,0>, old:<1,0>, ap:<255,255>, sta:<1,0>, prof:1[0m
[0;32mI (35065) wifi:new:<1,0>, old:<1,0>, ap:<255,255>, sta:<1,0>, prof:1[0m
[0;32mI (35065) wifi:state: init -> auth (b0)[0m
[0;32mI (35095) wifi:state: auth -> assoc (0)[0m
[0;32mI (35115) wifi:state: assoc -> run (10)[0m
[0;31mE (35375) esp-x509-crt-bundle: Failed to verify certificate[0m
