ets Jul 29 2019 12:21:46

rst:0x1 (POWERON_RESET),boot:0x13 (SPI_FAST_FLASH_BOOT)
configsip: 0, SPIWP:0xee
clk_drv:0x00,q_drv:0x00,d_drv:0x00,cs0_drv:0x00,hd_drv:0x00,wp_drv:0x00
mode:DIO, clock div:2
load:0x3fff0030,len:7172
load:0x40078000,len:15540
load:0x40080400,len:4
ho 8 tail 4 room 4
load:0x40080404,len:3904
entry 0x40080640
[0;32mI (31) boot: ESP-IDF v5.2.3-dirty 2nd stage bootloader[0m
[0;32mI (31) boot: compile time Nov 12 2024 18:48:19[0m
[0;32mI (31) boot: Multicore bootloader[0m
[0;32mI (36) boot: chip revision: v3.1[0m
[0;32mI (40) boot.esp32: SPI Speed      : 40MHz[0m
[0;32mI (44) boot.esp32: SPI Mode       : DIO[0m
[0;32mI (49) boot.esp32: SPI Flash Size : 2MB[0m
[0;32mI (53) boot: Enabling RNG early entropy source...[0m
[0;32mI (59) boot: Partition Table:[0m
[0;32mI (62) boot: ## Label            Usage          Type ST Offset   Length[0m
[0;32mI (70) boot:  0 nvs              WiFi data        01 02 00009000 00006000[0m
[0;32mI (77) boot:  1 phy_init         RF data          01 01 0000f000 00001000[0m
[0;32mI (85) boot:  2 factory          factory app      00 00 00010000 00100000[0m
[0;32mI (92) boot: End of partition table[0m
[0;32mI (96) esp_image: segment 0: paddr=00010020 vaddr=3f400020 size=217dch (137180) map[0m
[0;32mI (152) esp_image: segment 1: paddr=00031804 vaddr=3ffb0000 size=03d0ch ( 15628) load[0m
[0;32mI (158) esp_image: segment 2: paddr=00035518 vaddr=40080000 size=0ab00h ( 43776) load[0m
[0;32mI (175) esp_image: segment 3: paddr=00040020 vaddr=400d0020 size=950f8h (610552) map[0m
[0;32mI (385) esp_image: segment 4: paddr=000d5120 vaddr=4008ab00 size=0c048h ( 49224) load[0m
[0;32mI (416) boot: Loaded app from partition at offset 0x10000[0m
[0;32mI (416) boot: Disabling RNG early entropy source...[0m
[0;32mI (427) cpu_start: Multicore app[0m
[0;32mI (436) cpu_start: Pro cpu start user code[0m
[0;32mI (436) cpu_start: cpu freq: 160000000 Hz[0m
[0;32mI (436) cpu_start: Application information:[0m
[0;32mI (439) cpu_start: Project name:     main[0m
[0;32mI (444) cpu_start: App version:      32e8b60-dirty[0m
[0;32mI (450) cpu_start: Compile time:     Nov 12 2024 18:55:41[0m
[0;32mI (456) cpu_start: ELF file SHA256:  928d4268c...[0m
[0;32mI (461) cpu_start: ESP-IDF:          v5.2.3-dirty[0m
[0;32mI (466) cpu_start: Min chip rev:     v0.0[0m
[0;32mI (471) cpu_start: Max chip rev:     v3.99 [0m
[0;32mI (476) cpu_start: Chip rev:         v3.1[0m
[0;32mI (481) heap_init: Initializing. RAM available for dynamic allocation:[0m
[0;32mI (488) heap_init: At 3FFAE6E0 len 00001920 (6 KiB): DRAM[0m
[0;32mI (494) heap_init: At 3FFB7F70 len 00028090 (160 KiB): DRAM[0m
[0;32mI (500) heap_init: At 3FFE0440 len 00003AE0 (14 KiB): D/IRAM[0m
[0;32mI (506) heap_init: At 3FFE4350 len 0001BCB0 (111 KiB): D/IRAM[0m
[0;32mI (513) heap_init: At 40096B48 len 000094B8 (37 KiB): IRAM[0m
[0;32mI (521) spi_flash: detected chip: generic[0m
[0;32mI (524) spi_flash: flash io: dio[0m
[0;33mW (528) spi_flash: Detected size(4096k) larger than the size in the binary image header(2048k). Using the size in the binary image header.[0m
[0;32mI (542) main_task: Started on CPU0[0m
[0;32mI (552) main_task: Calling app_main()[0m
[0;32mI (572) wifi:wifi driver task: 3ffbff50, prio:23, stack:6656, core=0[0m
[0;32mI (572) wifi:wifi firmware version: 82f54d2[0m
[0;32mI (572) wifi:wifi certification version: v7.0[0m
[0;32mI (572) wifi:config NVS flash: enabled[0m
[0;32mI (572) wifi:config nano formating: disabled[0m
[0;32mI (582) wifi:Init data frame dynamic rx buffer num: 32[0m
[0;32mI (582) wifi:Init static rx mgmt buffer num: 5[0m
[0;32mI (592) wifi:Init management short buffer num: 32[0m
[0;32mI (592) wifi:Init dynamic tx buffer num: 32[0m
[0;32mI (592) wifi:Init static rx buffer size: 1600[0m
[0;32mI (602) wifi:Init static rx buffer num: 10[0m
[0;32mI (602) wifi:Init dynamic rx buffer num: 32[0m
[0;32mI (612) wifi_init: rx ba win: 6[0m
[0;32mI (612) wifi_init: tcpip mbox: 32[0m
[0;32mI (612) wifi_init: udp mbox: 6[0m
[0;32mI (622) wifi_init: tcp mbox: 6[0m
[0;32mI (622) wifi_init: tcp tx win: 5760[0m
[0;32mI (622) wifi_init: tcp rx win: 5760[0m
[0;32mI (632) wifi_init: tcp mss: 1440[0m
[0;32mI (632) wifi_init: WiFi IRAM OP enabled[0m
[0;32mI (642) wifi_init: WiFi RX IRAM OP enabled[0m
[0;32mI (642) example: Setting WiFi configuration SSID eduroam...[0m
[0;32mI (652) phy_init: phy_version 4840,a40f0ac,Aug 16 2024,16:48:06[0m
[0;33mW (742) phy_init: saving new calibration data because of checksum failure, mode(0)[0m
[0;32mI (762) wifi:mode : sta (34:5f:45:a8:9c:68)[0m
[0;32mI (762) wifi:enable tsf[0m
[0;32mI (762) main_task: Returned from app_main()[0m
[0;32mI (1032) wifi:new:<1,0>, old:<1,0>, ap:<255,255>, sta:<1,0>, prof:1[0m
[0;32mI (1042) wifi:state: init -> auth (b0)[0m
[0;32mI (2042) wifi:state: auth -> init (200)[0m
[0;32mI (2042) wifi:new:<1,0>, old:<1,0>, ap:<255,255>, sta:<1,0>, prof:1[0m
[0;32mI (2112) wifi:new:<1,0>, old:<1,0>, ap:<255,255>, sta:<1,0>, prof:1[0m
[0;32mI (2112) wifi:state: init -> auth (b0)[0m
[0;32mI (3112) wifi:state: auth -> init (200)[0m
[0;32mI (3112) wifi:new:<1,0>, old:<1,0>, ap:<255,255>, sta:<1,0>, prof:1[0m
[0;32mI (3122) wifi:new:<1,0>, old:<1,0>, ap:<255,255>, sta:<1,0>, prof:1[0m
[0;32mI (3122) wifi:state: init -> auth (b0)[0m
[0;32mI (4122) wifi:state: auth -> init (200)[0m
[0;32mI (4122) wifi:new:<1,0>, old:<1,0>, ap:<255,255>, sta:<1,0>, prof:1[0m
[0;32mI (4182) wifi:new:<1,0>, old:<1,0>, ap:<255,255>, sta:<1,0>, prof:1[0m
[0;32mI (4182) wifi:state: init -> auth (b0)[0m
[0;32mI (4212) wifi:state: auth -> assoc (0)[0m
[0;32mI (5212) wifi:state: assoc -> init (2700)[0m
[0;32mI (5212) wifi:new:<1,0>, old:<1,0>, ap:<255,255>, sta:<1,0>, prof:1[0m
[0;32mI (5832) wifi:new:<6,0>, old:<1,0>, ap:<255,255>, sta:<6,0>, prof:1[0m
[0;32mI (5832) wifi:state: init -> auth (b0)[0m
[0;32mI (5862) wifi:state: auth -> assoc (0)[0m
[0;32mI (6872) wifi:state: assoc -> init (2700)[0m
[0;32mI (6872) wifi:new:<6,0>, old:<6,0>, ap:<255,255>, sta:<6,0>, prof:1[0m
[0;32mI (6942) wifi:new:<6,0>, old:<6,0>, ap:<255,255>, sta:<6,0>, prof:1[0m
[0;32mI (6952) wifi:state: init -> auth (b0)[0m
[0;32mI (7952) wifi:state: auth -> init (200)[0m
[0;32mI (7952) wifi:new:<6,0>, old:<6,0>, ap:<255,255>, sta:<6,0>, prof:1[0m
[0;32mI (8092) wifi:new:<1,0>, old:<6,0>, ap:<255,255>, sta:<1,0>, prof:1[0m
[0;32mI (8092) wifi:state: init -> auth (b0)[0m
[0;32mI (9092) wifi:state: auth -> init (200)[0m
[0;32mI (9092) wifi:new:<1,0>, old:<1,0>, ap:<255,255>, sta:<1,0>, prof:1[0m
[0;32mI (10312) wifi:new:<11,0>, old:<1,0>, ap:<255,255>, sta:<11,0>, prof:1[0m
[0;32mI (10312) wifi:state: init -> auth (b0)[0m
[0;32mI (10322) wifi:state: auth -> assoc (0)[0m
[0;32mI (11322) wifi:state: assoc -> init (2700)[0m
[0;32mI (11322) wifi:new:<11,0>, old:<11,0>, ap:<255,255>, sta:<11,0>, prof:1[0m
[0;32mI (13802) wifi:new:<11,0>, old:<11,0>, ap:<255,255>, sta:<11,0>, prof:1[0m
[0;32mI (13802) wifi:state: init -> auth (b0)[0m
[0;32mI (13802) wifi:state: auth -> assoc (0)[0m
[0;32mI (13812) wifi:state: assoc -> run (10)[0m
[0;32mI (14282) wifi:connected with eduroam, aid = 6, channel 11, BW20, bssid = 70:ca:97:68:08:58[0m
[0;32mI (14282) wifi:security: WPA2-ENT, phy: bgn, rssi: -63[0m
[0;32mI (14282) wifi:pm start, type: 1[0m

[0;32mI (14282) wifi:dp: 1, bi: 102400, li: 3, scale listen interval from 307200 us to 307200 us[0m
[0;32mI (14312) wifi:AP's beacon interval = 102400 us, DTIM period = 1[0m
[0;32mI (15352) wifi:<ba-add>idx:0 (ifx:0, 70:ca:97:68:08:58), tid:6, ssn:14, winSize:64[0m
[0;32mI (16292) esp_netif_handlers: sta ip: 10.119.127.177, mask: 255.255.248.0, gw: 10.119.120.1[0m
[0;32mI (16292) wifi:<ba-add>idx:1 (ifx:0, 70:ca:97:68:08:58), tid:0, ssn:0, winSize:64[0m
ï¿½ï¿½ï¿½ï¿½ï¿½ï¿½ï¿½ï¿½ï¿½ï¿½ï¿½ï¿½ï¿½ï¿½ï¿½ï¿½ï¿½ï¿½ï¿½ï¿½ï¿½ï¿½ï¿½ï¿½ï¿½ï¿½ï¿½ï¿½ï¿½ï¿½ï¿½ï¿½ï¿½ï¿½ï¿½ï¿½ï¿½ï¿½ï¿½ï¿½ï¿½ï¿½ï¿½ï¿½ï¿½ï¿½ï¿½ï¿½ï¿½ï¿½ï¿½ï¿½ï¿½ï¿½ï¿½ï¿½ï¿½ï¿½ï¿½ï¿½