ets Jul 29 2019 12:21:46

rst:0x1 (POWERON_RESET),boot:0x13 (SPI_FAST_FLASH_BOOT)
configsip: 0, SPIWP:0xee
clk_drv:0x00,q_drv:0x00,d_drv:0x00,cs0_drv:0x00,hd_drv:0x00,wp_drv:0x00
mode:DIO, clock div:2
load:0x3fff0030,len:7172
load:0x40078000,len:15540
load:0x40080400,len:4
ho 8 tail 4 room 4
load:0x40080404,len:3904
entry 0x40080640
[0;32mI (31) boot: ESP-IDF v5.2.3-dirty 2nd stage bootloader[0m
[0;32mI (31) boot: compile time Nov 12 2024 18:48:19[0m
[0;32mI (31) boot: Multicore bootloader[0m
[0;32mI (36) boot: chip revision: v3.1[0m
[0;32mI (40) boot.esp32: SPI Speed      : 40MHz[0m
[0;32mI (44) boot.esp32: SPI Mode       : DIO[0m
[0;32mI (49) boot.esp32: SPI Flash Size : 2MB[0m
[0;32mI (53) boot: Enabling RNG early entropy source...[0m
[0;32mI (59) boot: Partition Table:[0m
[0;32mI (62) boot: ## Label            Usage          Type ST Offset   Length[0m
[0;32mI (70) boot:  0 nvs              WiFi data        01 02 00009000 00006000[0m
[0;32mI (77) boot:  1 phy_init         RF data          01 01 0000f000 00001000[0m
[0;32mI (85) boot:  2 factory          factory app      00 00 00010000 00100000[0m
[0;32mI (92) boot: End of partition table[0m
[0;32mI (96) esp_image: segment 0: paddr=00010020 vaddr=3f400020 size=262dch (156380) map[0m
[0;32mI (158) esp_image: segment 1: paddr=00036304 vaddr=3ffb0000 size=03d7ch ( 15740) load[0m
[0;32mI (164) esp_image: segment 2: paddr=0003a088 vaddr=40080000 size=05f90h ( 24464) load[0m
[0;32mI (174) esp_image: segment 3: paddr=00040020 vaddr=400d0020 size=a65d8h (681432) map[0m
[0;32mI (408) esp_image: segment 4: paddr=000e6600 vaddr=40085f90 size=10d3ch ( 68924) load[0m
[0;32mI (435) esp_image: segment 5: paddr=000f7344 vaddr=50000000 size=00004h (     4) load[0m
[0;32mI (447) boot: Loaded app from partition at offset 0x10000[0m
[0;32mI (447) boot: Disabling RNG early entropy source...[0m
[0;32mI (458) cpu_start: Multicore app[0m
[0;32mI (468) cpu_start: Pro cpu start user code[0m
[0;32mI (468) cpu_start: cpu freq: 160000000 Hz[0m
[0;32mI (468) cpu_start: Application information:[0m
[0;32mI (471) cpu_start: Project name:     main[0m
[0;32mI (475) cpu_start: App version:      32e8b60-dirty[0m
[0;32mI (481) cpu_start: Compile time:     Nov 12 2024 18:55:41[0m
[0;32mI (487) cpu_start: ELF file SHA256:  a414504c3...[0m
[0;32mI (492) cpu_start: ESP-IDF:          v5.2.3-dirty[0m
[0;32mI (498) cpu_start: Min chip rev:     v0.0[0m
[0;32mI (502) cpu_start: Max chip rev:     v3.99 [0m
[0;32mI (507) cpu_start: Chip rev:         v3.1[0m
[0;32mI (512) heap_init: Initializing. RAM available for dynamic allocation:[0m
[0;32mI (519) heap_init: At 3FFAE6E0 len 00001920 (6 KiB): DRAM[0m
[0;32mI (525) heap_init: At 3FFB8530 len 00027AD0 (158 KiB): DRAM[0m
[0;32mI (531) heap_init: At 3FFE0440 len 00003AE0 (14 KiB): D/IRAM[0m
[0;32mI (538) heap_init: At 3FFE4350 len 0001BCB0 (111 KiB): D/IRAM[0m
[0;32mI (544) heap_init: At 40096CCC len 00009334 (36 KiB): IRAM[0m
[0;32mI (552) spi_flash: detected chip: generic[0m
[0;32mI (555) spi_flash: flash io: dio[0m
[0;33mW (559) spi_flash: Detected size(4096k) larger than the size in the binary image header(2048k). Using the size in the binary image header.[0m
[0;32mI (573) main_task: Started on CPU0[0m
[0;32mI (583) main_task: Calling app_main()[0m
[0;32mI (603) wifi:wifi driver task: 3ffc0510, prio:23, stack:6656, core=0[0m
[0;32mI (603) wifi:wifi firmware version: 82f54d2[0m
[0;32mI (603) wifi:wifi certification version: v7.0[0m
[0;32mI (603) wifi:config NVS flash: enabled[0m
[0;32mI (603) wifi:config nano formating: disabled[0m
[0;32mI (613) wifi:Init data frame dynamic rx buffer num: 32[0m
[0;32mI (613) wifi:Init static rx mgmt buffer num: 5[0m
[0;32mI (623) wifi:Init management short buffer num: 32[0m
[0;32mI (623) wifi:Init dynamic tx buffer num: 32[0m
[0;32mI (623) wifi:Init static rx buffer size: 1600[0m
[0;32mI (633) wifi:Init static rx buffer num: 10[0m
[0;32mI (633) wifi:Init dynamic rx buffer num: 32[0m
[0;32mI (643) wifi_init: rx ba win: 6[0m
[0;32mI (643) wifi_init: tcpip mbox: 32[0m
[0;32mI (643) wifi_init: udp mbox: 6[0m
[0;32mI (653) wifi_init: tcp mbox: 6[0m
[0;32mI (653) wifi_init: tcp tx win: 5760[0m
[0;32mI (653) wifi_init: tcp rx win: 5760[0m
[0;32mI (663) wifi_init: tcp mss: 1440[0m
[0;32mI (663) wifi_init: WiFi IRAM OP enabled[0m
[0;32mI (673) wifi_init: WiFi RX IRAM OP enabled[0m
[0;32mI (673) example: Setting WiFi configuration SSID eduroam...[0m
[0;32mI (683) phy_init: phy_version 4840,a40f0ac,Aug 16 2024,16:48:06[0m
[0;32mI (773) wifi:mode : sta (34:5f:45:a8:9c:68)[0m
[0;32mI (773) wifi:enable tsf[0m
[0;32mI (773) main_task: Returned from app_main()[0m
[0;32mI (1033) wifi:new:<1,0>, old:<1,0>, ap:<255,255>, sta:<1,0>, prof:1[0m
[0;32mI (1033) wifi:state: init -> auth (b0)[0m
[0;32mI (2033) wifi:state: auth -> init (200)[0m
[0;32mI (2043) wifi:new:<1,0>, old:<1,0>, ap:<255,255>, sta:<1,0>, prof:1[0m
[0;32mI (2053) wifi:new:<1,0>, old:<1,0>, ap:<255,255>, sta:<1,0>, prof:1[0m
[0;32mI (2053) wifi:state: init -> auth (b0)[0m
[0;32mI (2053) wifi:state: auth -> assoc (0)[0m
[0;32mI (2073) wifi:state: assoc -> run (10)[0m
[0;32mI (3983) wifi:connected with eduroam, aid = 1, channel 1, BW20, bssid = 70:ca:97:67:ec:78[0m
[0;32mI (3983) wifi:security: WPA2-ENT, phy: bgn, rssi: -83[0m
[0;32mI (3983) wifi:pm start, type: 1[0m

[0;32mI (3983) wifi:dp: 1, bi: 102400, li: 3, scale listen interval from 307200 us to 307200 us[0m
[0;32mI (4113) wifi:<ba-add>idx:0 (ifx:0, 70:ca:97:67:ec:78), tid:0, ssn:0, winSize:64[0m
[0;32mI (4123) wifi:<ba-add>idx:1 (ifx:0, 70:ca:97:67:ec:78), tid:6, ssn:14, winSize:64[0m
[0;32mI (4153) wifi:AP's beacon interval = 102400 us, DTIM period = 1[0m
[0;32mI (4173) wifi:<ba-del>idx:1, tid:6[0m
[0;32mI (4173) wifi:<ba-add>idx:1 (ifx:0, 70:ca:97:67:ec:78), tid:6, ssn:17, winSize:64[0m
[0;32mI (4983) wifi:<ba-del>idx:0, tid:0[0m
[0;32mI (4983) wifi:<ba-add>idx:0 (ifx:0, 70:ca:97:67:ec:78), tid:0, ssn:8, winSize:64[0m
[0;32mI (5993) esp_netif_handlers: sta ip: 10.119.127.177, mask: 255.255.248.0, gw: 10.119.120.1[0m
[0;32mI (5993) Main Task: Obtem horario[0m
[0;32mI (5993) example: Time is not set yet. Connecting to WiFi and getting time over NTP.[0m
[0;32mI (6003) example: Initializing and starting SNTP[0m
[0;32mI (8003) example: Waiting for system time to be set... (1/15)[0m
[0;32mI (10003) example: Waiting for system time to be set... (2/15)[0m
[0;32mI (12003) example: Waiting for system time to be set... (3/15)[0m
[0;32mI (14003) example: Waiting for system time to be set... (4/15)[0m
[0;32mI (16003) example: Waiting for system time to be set... (5/15)[0m
[0;32mI (18003) example: Waiting for system time to be set... (6/15)[0m
[0;32mI (20003) example: Waiting for system time to be set... (7/15)[0m
[0;32mI (22003) example: Waiting for system time to be set... (8/15)[0m
[0;32mI (24003) example: Waiting for system time to be set... (9/15)[0m
ï¿½ï¿½ï¿½ï¿½ï¿½ï¿½ï¿½ï¿½ï¿½ï¿½ï¿½ï¿½ï¿½ï¿½ï¿½ï¿½ï¿½ï¿½ï¿½ï¿½ï¿½ï¿½ï¿½ï¿½ï¿½ï¿½ï¿½ï¿½ï¿½ï¿½ï¿½ï¿½ï¿½ï¿½ï¿½ï¿½ï¿½ï¿½ï¿½ï¿½ï¿½ï¿½ï¿½ï¿½ï¿½ï¿½ï¿½ï¿½ï¿½ï¿½ï¿½ï¿½ï¿½ï¿½ï¿½ï¿½ï¿½ï¿½ï¿½ï¿½ï¿½ï¿½ï¿½ï¿½g for system time to be set... (10/15)[0m
[0;32mI (28003) example: Waiting for system time to be set... (11/15)[0m
[0;32mI (30003) example: Waiting for system time to be set... (12/15)[0m
[0;32mI (32003) example: Waiting for system time to be set... (13/15)[0m
[0;33mW (32553) wifi:[ADDBA]rx delba, code:37, delete tid:0[0m
[0;33mW (32563) wifi:[ADDBA]rx delba, code:37, delete tid:0[0m
[0;33mW (32563) wifi:[ADDBA]rx delba, code:37, delete tid:0[0m
[0;33mW (32573) wifi:[ADDBA]rx delba, code:37, delete tid:0[0m
[0;33mW (32583) wifi:[ADDBA]rx delba, code:37, delete tid:0[0m
[0;33mW (32593) wifi:[ADDBA]rx delba, code:37, delete tid:0[0m
[0;33mW (32603) wifi:[ADDBA]rx delba, code:37, delete tid:0[0m
[0;33mW (32613) wifi:[ADDBA]rx delba, code:37, delete tid:0[0m
ï¿½ï¿½ï¿½ï¿½ï¿½ï¿½ï¿½ï¿½ï¿½ï¿½ï¿½ï¿½ï¿½ï¿½ï¿½ï¿½ï¿½ï¿½ï¿½ï¿½ï¿½ï¿½ï¿½ï¿½ï¿½ï¿½ï¿½ï¿½ï¿½ï¿½ï¿½ï¿½ï¿½ï¿½ï¿½ï¿½ï¿½ï¿½ï¿½ï¿½ï¿½ï¿½ï¿½ï¿½ï¿½ï¿½ï¿½ï¿½ï¿½ï¿½ï¿½ï¿½ï¿½ï¿½ï¿½ï¿½ï¿½ï¿½ï¿½ï¿½ï¿½ï¿½ï¿½ï¿½g for system time to be set... (14/15)[0m
[0;32mI (36003) MQTT: Event dispatched from event loop base=MQTT_EVENTS, event_id=7
[0m
[0;32mI (36003) MQTT: Other event id:7[0m
[0;31mE (46023) esp-tls: [sock=54] select() timeout[0m
[0;31mE (46023) transport_base: Failed to open a new connection: 32774[0m
[0;31mE (46023) mqtt_client: Error transport connect[0m
[0;32mI (46023) MQTT: Event dispatched from event loop base=MQTT_EVENTS, event_id=0
[0m
[0;32mI (46033) MQTT: MQTT_EVENT_ERROR[0m
[0;31mE (46033) MQTT: Last error reported from esp-tls: 0x32774[0m
[0;32mI (46043) MQTT: Last errno string (Success)[0m
[0;32mI (46043) MQTT: Event dispatched from event loop base=MQTT_EVENTS, event_id=2
[0m
[0;32mI (46053) MQTT: MQTT_EVENT_DISCONNECTED[0m
[0;32mI (56063) MQTT: Event dispatched from event loop base=MQTT_EVENTS, event_id=7
[0m
[0;32mI (56063) MQTT: Other event id:7[0m
[0;31mE (66073) esp-tls: [sock=54] select() timeout[0m
[0;31mE (66073) transport_base: Failed to open a new connection: 32774[0m
[0;31mE (66073) mqtt_client: Error transport connect[0m
[0;32mI (66073) MQTT: Event dispatched from event loop base=MQTT_EVENTS, event_id=0
[0m
[0;32mI (66083) MQTT: MQTT_EVENT_ERROR[0m
[0;31mE (66083) MQTT: Last error reported from esp-tls: 0x32774[0m
[0;32mI (66093) MQTT: Last errno string (Success)[0m
[0;32mI (66093) MQTT: Event dispatched from event loop base=MQTT_EVENTS, event_id=2
[0m
[0;32mI (66103) MQTT: MQTT_EVENT_DISCONNECTED[0m
